<?xml version="1.0"?>
<testsuites>
  <testsuite tests="18" failures="0" errors="0" name="connect-coordinator › connect returns false when no avrs configured">
    <testcase name="#1 connect-coordinator › connect returns false when no avrs configured"/>
    <testcase name="#2 connect-coordinator › connect creates physical connections and zone instances when missing"/>
    <testcase name="#3 connect-coordinator › connect handles reconnection when physical connection exists but disconnected"/>
    <testcase name="#4 avr-instance-manager › ensureZoneInstances creates zone instances when physical connection present"/>
    <testcase name="#5 avr-instance-manager › ensureZoneInstances skips when no physical connection present"/>
    <testcase name="#6 avr-instance-manager › set/get/has/remove/clear operations work"/>
    <testcase name="#7 entity-registrar › EntityRegistrar builds entities correctly"/>
    <testcase name="#8 setup-handler › handleRestorePayload: applies valid payload and calls onConfigSaved"/>
    <testcase name="#9 setup-handler › handleRestorePayload: invalid payload returns RequestUserInput with preserved textarea"/>
    <testcase name="#10 setup-handler › handleDeleteConfigPayload: confirm=false prompts and confirm=true clears config"/>
    <testcase name="#11 setup-handler › handleManualConfiguration: valid input creates AVR entries"/>
    <testcase name="#12 setup-handler › handleManualConfiguration: invalid input returns RequestUserInput with errors"/>
    <testcase name="#13 setup-handler › handleBackupPayload: returns backup data JSON textarea"/>
    <testcase name="#14 connection-manager › schedule and cancel scheduled reconnection"/>
    <testcase name="#15 connection-manager › attemptReconnection delegates to reconnection manager and returns result"/>
    <testcase name="#16 connection-manager › clearAllConnections removes stored connections"/>
    <testcase name="#17 setup-backup › backup flow returns backup_data JSON"/>
    <testcase name="#18 setup-backup › restore flow applies provided backup_data"/>
  </testsuite>
</testsuites>

